---
source: tests/mod.rs
expression: "edn_parse(\"\\\\c\").unwrap().cst"
---
edn [0..2]
    literal [0..2]
        Chars "\\c" [0..2]
