---
source: tests/special_chars.rs
expression: error_json
---
[
  {
    "severity": "Error",
    "code": null,
    "message": "invalid syntax, expected: <end of file>",
    "labels": [
      {
        "style": "Primary",
        "file_id": null,
        "range": {
          "start": 2,
          "end": 7
        },
        "message": ""
      }
    ],
    "notes": []
  }
]
