---
source: tests/special_chars.rs
expression: "edn_parse(\"\\\\newline\").unwrap().cst"
---
edn [0..8]
    literal [0..8]
        Chars "\\newline" [0..8]
