---
source: tests/special_chars.rs
expression: "edn_parse(\"\\\\u0000\").unwrap().cst"
---
edn [0..6]
    literal [0..6]
        Chars "\\u0000" [0..6]
